1 
Lexical Error
is not a recognized token symbol.